mode: set
github.com/nnanhkhoi/go-ecommerce-backend-api/tests/basic/main.go:5.26,8.2 1 1
github.com/nnanhkhoi/go-ecommerce-backend-api/tests/basic/main.go:10.27,11.12 1 1
github.com/nnanhkhoi/go-ecommerce-backend-api/tests/basic/main.go:11.12,13.3 1 0
github.com/nnanhkhoi/go-ecommerce-backend-api/tests/basic/main.go:15.2,15.16 1 1
